// Jest Snapshot v1, https://goo.gl/fbAQLP

exports[`Question list tests Snapshot Testing 1`] = `
<div
  className="MuiGrid-root MuiGrid-item MuiGrid-grid-md-5"
>
  <div
    className="makeStyles-top_container-2"
  >
    <h1>
      Questions
    </h1>
    <button
      className="MuiButtonBase-root MuiButton-root MuiButton-contained MuiButton-containedPrimary"
      disabled={false}
      onBlur={[Function]}
      onClick={[Function]}
      onDragLeave={[Function]}
      onFocus={[Function]}
      onKeyDown={[Function]}
      onKeyUp={[Function]}
      onMouseDown={[Function]}
      onMouseLeave={[Function]}
      onMouseUp={[Function]}
      onTouchEnd={[Function]}
      onTouchMove={[Function]}
      onTouchStart={[Function]}
      style={
        Object {
          "marginLeft": 12,
        }
      }
      tabIndex={0}
      type="button"
    >
      <span
        className="MuiButton-label"
      >
        Fetch More Questions
      </span>
    </button>
  </div>
  <div
    className="MuiGrid-root MuiGrid-container MuiGrid-spacing-xs-3"
  >
    <div
      className="MuiGrid-root MuiGrid-item MuiGrid-grid-xs-12"
    >
      <div
        className="react-reveal"
        style={
          Object {
            "opacity": undefined,
          }
        }
      >
        <div
          className="MuiPaper-root makeStyles-paper-3 MuiPaper-elevation1 MuiPaper-rounded"
        >
          <div
            className="MuiBox-root MuiBox-root-10 makeStyles-questionDetails-4"
          >
            <div
              className="MuiBox-root MuiBox-root-11"
            >
              test
            </div>
            <div
              className="MuiBox-root MuiBox-root-12"
              style={
                Object {
                  "display": "inline",
                  "fontWeight": 700,
                }
              }
            >
              Category: 
              test
            </div>
            <div
              className="MuiBox-root MuiBox-root-13 difficulty"
              style={
                Object {
                  "fontWeight": 700,
                }
              }
            >
              Difficulty: 
              test
            </div>
          </div>
          <div
            className="MuiBox-root MuiBox-root-14 makeStyles-buttons-5"
          >
            <button
              className="MuiButtonBase-root MuiButton-root MuiButton-contained makeStyles-edit_btn-7 makeStyles-button-6 MuiButton-containedPrimary"
              data-testid="edit-button"
              disabled={false}
              onBlur={[Function]}
              onClick={[Function]}
              onDragLeave={[Function]}
              onFocus={[Function]}
              onKeyDown={[Function]}
              onKeyUp={[Function]}
              onMouseDown={[Function]}
              onMouseLeave={[Function]}
              onMouseUp={[Function]}
              onTouchEnd={[Function]}
              onTouchMove={[Function]}
              onTouchStart={[Function]}
              tabIndex={0}
              type="button"
            >
              <span
                className="MuiButton-label"
              >
                <span
                  className="MuiButton-startIcon MuiButton-iconSizeMedium"
                >
                  <svg
                    aria-hidden={true}
                    className="MuiSvgIcon-root"
                    focusable="false"
                    viewBox="0 0 24 24"
                  >
                    <path
                      d="M3 17.25V21h3.75L17.81 9.94l-3.75-3.75L3 17.25zM20.71 7.04c.39-.39.39-1.02 0-1.41l-2.34-2.34a.9959.9959 0 00-1.41 0l-1.83 1.83 3.75 3.75 1.83-1.83z"
                    />
                  </svg>
                </span>
                Edit
              </span>
            </button>
            <button
              className="MuiButtonBase-root MuiButton-root MuiButton-contained makeStyles-delete_btn-8 makeStyles-button-6 MuiButton-containedPrimary"
              disabled={false}
              onBlur={[Function]}
              onClick={[Function]}
              onDragLeave={[Function]}
              onFocus={[Function]}
              onKeyDown={[Function]}
              onKeyUp={[Function]}
              onMouseDown={[Function]}
              onMouseLeave={[Function]}
              onMouseUp={[Function]}
              onTouchEnd={[Function]}
              onTouchMove={[Function]}
              onTouchStart={[Function]}
              tabIndex={0}
              type="button"
            >
              <span
                className="MuiButton-label"
              >
                <span
                  className="MuiButton-startIcon MuiButton-iconSizeMedium"
                >
                  <svg
                    aria-hidden={true}
                    className="MuiSvgIcon-root"
                    focusable="false"
                    viewBox="0 0 24 24"
                  >
                    <path
                      d="M6 19c0 1.1.9 2 2 2h8c1.1 0 2-.9 2-2V7H6v12zM19 4h-3.5l-1-1h-5l-1 1H5v2h14V4z"
                    />
                  </svg>
                </span>
                Delete
                 
              </span>
            </button>
          </div>
        </div>
      </div>
    </div>
    <div
      className="MuiGrid-root MuiGrid-item MuiGrid-grid-xs-12"
    >
      <div
        className="react-reveal"
        style={
          Object {
            "opacity": undefined,
          }
        }
      >
        <div
          className="MuiPaper-root makeStyles-paper-3 MuiPaper-elevation1 MuiPaper-rounded"
        >
          <div
            className="MuiBox-root MuiBox-root-15 makeStyles-questionDetails-4"
          >
            <div
              className="MuiBox-root MuiBox-root-16"
            >
              test
            </div>
            <div
              className="MuiBox-root MuiBox-root-17"
              style={
                Object {
                  "display": "inline",
                  "fontWeight": 700,
                }
              }
            >
              Category: 
              test
            </div>
            <div
              className="MuiBox-root MuiBox-root-18 difficulty"
              style={
                Object {
                  "fontWeight": 700,
                }
              }
            >
              Difficulty: 
              test
            </div>
          </div>
          <div
            className="MuiBox-root MuiBox-root-19 makeStyles-buttons-5"
          >
            <button
              className="MuiButtonBase-root MuiButton-root MuiButton-contained makeStyles-edit_btn-7 makeStyles-button-6 MuiButton-containedPrimary"
              data-testid="edit-button"
              disabled={false}
              onBlur={[Function]}
              onClick={[Function]}
              onDragLeave={[Function]}
              onFocus={[Function]}
              onKeyDown={[Function]}
              onKeyUp={[Function]}
              onMouseDown={[Function]}
              onMouseLeave={[Function]}
              onMouseUp={[Function]}
              onTouchEnd={[Function]}
              onTouchMove={[Function]}
              onTouchStart={[Function]}
              tabIndex={0}
              type="button"
            >
              <span
                className="MuiButton-label"
              >
                <span
                  className="MuiButton-startIcon MuiButton-iconSizeMedium"
                >
                  <svg
                    aria-hidden={true}
                    className="MuiSvgIcon-root"
                    focusable="false"
                    viewBox="0 0 24 24"
                  >
                    <path
                      d="M3 17.25V21h3.75L17.81 9.94l-3.75-3.75L3 17.25zM20.71 7.04c.39-.39.39-1.02 0-1.41l-2.34-2.34a.9959.9959 0 00-1.41 0l-1.83 1.83 3.75 3.75 1.83-1.83z"
                    />
                  </svg>
                </span>
                Edit
              </span>
            </button>
            <button
              className="MuiButtonBase-root MuiButton-root MuiButton-contained makeStyles-delete_btn-8 makeStyles-button-6 MuiButton-containedPrimary"
              disabled={false}
              onBlur={[Function]}
              onClick={[Function]}
              onDragLeave={[Function]}
              onFocus={[Function]}
              onKeyDown={[Function]}
              onKeyUp={[Function]}
              onMouseDown={[Function]}
              onMouseLeave={[Function]}
              onMouseUp={[Function]}
              onTouchEnd={[Function]}
              onTouchMove={[Function]}
              onTouchStart={[Function]}
              tabIndex={0}
              type="button"
            >
              <span
                className="MuiButton-label"
              >
                <span
                  className="MuiButton-startIcon MuiButton-iconSizeMedium"
                >
                  <svg
                    aria-hidden={true}
                    className="MuiSvgIcon-root"
                    focusable="false"
                    viewBox="0 0 24 24"
                  >
                    <path
                      d="M6 19c0 1.1.9 2 2 2h8c1.1 0 2-.9 2-2V7H6v12zM19 4h-3.5l-1-1h-5l-1 1H5v2h14V4z"
                    />
                  </svg>
                </span>
                Delete
                 
              </span>
            </button>
          </div>
        </div>
      </div>
    </div>
  </div>
</div>
`;
